// Jest Snapshot v1, https://goo.gl/fbAQLP

exports[`CarouselSlide Img renders correctly 1`] = `
.c0 {
  object-fit: cover;
  width: 100%;
  height: 500px;
}

<img
  className="c0"
  src="https://example.com/default.jpg"
/>
`;

exports[`CarouselSlide renders correctly 1`] = `
<figure
  Img={
    Object {
      "$$typeof": Symbol(react.forward_ref),
      "attrs": Array [],
      "componentStyle": ComponentStyle {
        "componentId": "CarouselSlide__Img-ds4ujd-0",
        "isStatic": false,
        "rules": Array [
          "object-fit:cover;width:100%;height:",
          [Function],
          ";",
        ],
      },
      "displayName": "CarouselSlide__Img",
      "render": [Function],
      "styledComponentId": "CarouselSlide__Img-ds4ujd-0",
      "target": "img",
      "toString": [Function],
      "warnTooManyClasses": [Function],
      "withComponent": [Function],
    }
  }
>
  <CarouselSlide__Img
    imgHeight={500}
    src="https://example.com/default.jpg"
  />
  <figcaption>
    <strong>
      Description
    </strong>
     
    Attribution
  </figcaption>
</figure>
`;
